
> banker-system@0.1.0 build
> next build

⚠ Warning: Next.js inferred your workspace root, but it may not be correct.
 We detected multiple lockfiles and selected the directory of C:\Users\DELL\package-lock.json as the root directory.
 To silence this warning, set `turbopack.root` in your Next.js config, or consider removing one of the lockfiles if it's not needed.
   See https://nextjs.org/docs/app/api-reference/config/next-config-js/turbopack#root-directory for more information.
 Detected additional lockfiles: 
   * C:\Users\DELL\OneDrive\Desktop\sang kein\LADING SALE\banker-system\package-lock.json

▲ Next.js 16.2.1 (Turbopack)
- Environments: .env.local

  Creating an optimized production build ...

> Build error occurred
Error: Turbopack build failed with 1 errors:
./OneDrive/Desktop/sang kein/LADING SALE/banker-system/packages/fund-engine/pdf-extractor.ts:2:1
Export default doesn't exist in target module
  [90m1 |[0m [90m// @ts-ignore[0m
[31m[1m>[0m [90m2 |[0m [36mimport[0m pdfParse [36mfrom[0m [32m'pdf-parse'[0m;
  [90m  |[0m [31m[1m^^^^^^^^^^^^^^^^^^^^^^^^^^^^^^^^^[0m
  [90m3 |[0m [36mimport[0m * [36mas[0m cheerio [36mfrom[0m [32m'cheerio'[0m;
  [90m4 |[0m [36mimport[0m { extractHoldingsFromText } [36mfrom[0m [32m'../ai/holdings-extraction'[0m;
  [90m5 |[0m [36mimport[0m { db } [36mfrom[0m [32m'../db'[0m;

The export default was not found in module [project]/OneDrive/Desktop/sang kein/LADING SALE/banker-system/node_modules/pdf-parse/dist/pdf-parse/esm/index.js [app-route] (ecmascript).
Did you mean to import Rectangle?
All exports of the module are statically known (It doesn't have dynamic exports). So it's known statically that the requested export doesn't exist.

Import trace:
  App Route:
    ./OneDrive/Desktop/sang kein/LADING SALE/banker-system/packages/fund-engine/pdf-extractor.ts
    ./OneDrive/Desktop/sang kein/LADING SALE/banker-system/app/api/cron/fund-holdings/route.ts


    at <unknown> (./OneDrive/Desktop/sang kein/LADING SALE/banker-system/packages/fund-engine/pdf-extractor.ts:2:1)
